app/page.tsx(399,6): error TS17008: JSX element 'div' has no corresponding closing tag.
app/page.tsx(659,8): error TS17008: JSX element 'section' has no corresponding closing tag.
app/page.tsx(1036,11): error TS17002: Expected corresponding JSX closing tag for 'div'.
app/page.tsx(1040,12): error TS17008: JSX element 'div' has no corresponding closing tag.
app/page.tsx(1103,84): error TS1003: Identifier expected.
app/page.tsx(1109,10): error TS1382: Unexpected token. Did you mean `{'>'}` or `&gt;`?
app/page.tsx(1222,1): error TS1381: Unexpected token. Did you mean `{'}'}` or `&rbrace;`?
app/page.tsx(1224,1): error TS1005: '</' expected.
